// Jest Snapshot v1, https://goo.gl/fbAQLP

exports[`if loading set to true load Spinner component 1`] = `
<DocumentFragment>
  <img
    alt="loading"
    data-testid="loading"
    src="spinner.gif"
    style="width: 200px; margin: auto; display: block;"
  />
</DocumentFragment>
`;

exports[`if pokemon data not null generate statistics detail 1`] = `
<DocumentFragment>
  <a
    class="btn btn-light btn-sm"
    href="/"
  >
    Back to Pokemon list
  </a>
  <div
    class="detail-wrap"
    data-testid="pokemon-detail"
  >
    <div
      class="detail-meta"
    >
      <h2>
        Bulbasaur - 001
      </h2>
      <h3
        class="label-dark"
      >
        Seed Pok√©mon
      </h3>
    </div>
    <div
      class="detail-image"
    >
      <img
        alt="Bulbasaur"
        src="https://img.pokemondb.net/artwork/bulbasaur.jpg"
      />
    </div>
  </div>
  <div
    class="grid-12"
  >
    <div
      class="card detail"
    >
      <h3
        class="label-dark"
      >
        Statistics
      </h3>
      <div>
        <strong
          class="label-dark"
        >
          Type: 
        </strong>
        <div
          class="detail-list"
        >
          <span>
            Grass /
          </span>
          <span>
            Poison
          </span>
        </div>
      </div>
      <div>
        <strong
          class="label-dark"
        >
          Resistant: 
        </strong>
        <div
          class="detail-list"
        >
          <span>
            Water /
          </span>
          <span>
            Electric /
          </span>
          <span>
            Grass /
          </span>
          <span>
            Fighting /
          </span>
          <span>
            Fairy
          </span>
        </div>
      </div>
      <div>
        <strong
          class="label-dark"
        >
          weaknesses: 
        </strong>
        <div
          class="detail-list"
        >
          <span>
            Fire /
          </span>
          <span>
            Ice /
          </span>
          <span>
            Flying /
          </span>
          <span>
            Psychic
          </span>
        </div>
      </div>
    </div>
    <div
      class="card detail"
      data-testid="pokemon-attacks"
    >
      <h3
        class="label-dark"
      >
        Attacks
      </h3>
      <div>
        <strong
          class="label-dark"
        >
          Fast Attacks: 
        </strong>
        <div
          class="detail-object-list"
        >
          <span>
            <strong
              class="label-light"
            >
              Name:
            </strong>
             Tackle
          </span>
          <span>
            <strong
              class="label-light"
            >
              Type:
            </strong>
             Normal
          </span>
          <span>
            <strong
              class="label-light"
            >
              Damage:
            </strong>
             12
          </span>
        </div>
        <div
          class="detail-object-list"
        >
          <span>
            <strong
              class="label-light"
            >
              Name:
            </strong>
             Vine Whip
          </span>
          <span>
            <strong
              class="label-light"
            >
              Type:
            </strong>
             Grass
          </span>
          <span>
            <strong
              class="label-light"
            >
              Damage:
            </strong>
             7
          </span>
        </div>
      </div>
      <div>
        <strong
          class="label-dark"
        >
          Special Attacks: 
        </strong>
        <div
          class="detail-object-list"
        >
          <span>
            <strong
              class="label-light"
            >
              Name:
            </strong>
             Power Whip
          </span>
          <span>
            <strong
              class="label-light"
            >
              Type:
            </strong>
             Grass
          </span>
          <span>
            <strong
              class="label-light"
            >
              Damage:
            </strong>
             70
          </span>
        </div>
        <div
          class="detail-object-list"
        >
          <span>
            <strong
              class="label-light"
            >
              Name:
            </strong>
             Seed Bomb
          </span>
          <span>
            <strong
              class="label-light"
            >
              Type:
            </strong>
             Grass
          </span>
          <span>
            <strong
              class="label-light"
            >
              Damage:
            </strong>
             40
          </span>
        </div>
        <div
          class="detail-object-list"
        >
          <span>
            <strong
              class="label-light"
            >
              Name:
            </strong>
             Sludge Bomb
          </span>
          <span>
            <strong
              class="label-light"
            >
              Type:
            </strong>
             Poison
          </span>
          <span>
            <strong
              class="label-light"
            >
              Damage:
            </strong>
             55
          </span>
        </div>
      </div>
    </div>
  </div>
</DocumentFragment>
`;
